<?xml version="1.0" encoding="ISO-8859-1" ?>
<link_info>
   <banner>TMS320C2000 Linker PC v22.6.1.LTS</banner>
   <copyright>Copyright (c) 1996-2018 Texas Instruments Incorporated</copyright>
   <link_time>0x66755078</link_time>
   <link_errors>0x0</link_errors>
   <output_file>F28379D_NoSysConfig_Demo.out</output_file>
   <entry_point>
      <name>_c_int00</name>
      <address>0x8331f</address>
   </entry_point>
   <input_file_list>
      <input_file id="fl-2">
         <path>.\</path>
         <kind>object</kind>
         <file>main.obj</file>
         <name>main.obj</name>
      </input_file>
      <input_file id="fl-3">
         <path>.\bsw\can\</path>
         <kind>object</kind>
         <file>can_bsw.obj</file>
         <name>can_bsw.obj</name>
      </input_file>
      <input_file id="fl-4">
         <path>.\bsw\device\</path>
         <kind>object</kind>
         <file>F2837xD_CodeStartBranch.obj</file>
         <name>F2837xD_CodeStartBranch.obj</name>
      </input_file>
      <input_file id="fl-5">
         <path>.\bsw\device\</path>
         <kind>object</kind>
         <file>device.obj</file>
         <name>device.obj</name>
      </input_file>
      <input_file id="fl-6">
         <path>.\bsw\driverlib\</path>
         <kind>object</kind>
         <file>adc.obj</file>
         <name>adc.obj</name>
      </input_file>
      <input_file id="fl-7">
         <path>.\bsw\driverlib\</path>
         <kind>object</kind>
         <file>asysctl.obj</file>
         <name>asysctl.obj</name>
      </input_file>
      <input_file id="fl-8">
         <path>.\bsw\driverlib\</path>
         <kind>object</kind>
         <file>can.obj</file>
         <name>can.obj</name>
      </input_file>
      <input_file id="fl-9">
         <path>.\bsw\driverlib\</path>
         <kind>object</kind>
         <file>cla.obj</file>
         <name>cla.obj</name>
      </input_file>
      <input_file id="fl-a">
         <path>.\bsw\driverlib\</path>
         <kind>object</kind>
         <file>clb.obj</file>
         <name>clb.obj</name>
      </input_file>
      <input_file id="fl-b">
         <path>.\bsw\driverlib\</path>
         <kind>object</kind>
         <file>cmpss.obj</file>
         <name>cmpss.obj</name>
      </input_file>
      <input_file id="fl-c">
         <path>.\bsw\driverlib\</path>
         <kind>object</kind>
         <file>cputimer.obj</file>
         <name>cputimer.obj</name>
      </input_file>
      <input_file id="fl-d">
         <path>.\bsw\driverlib\</path>
         <kind>object</kind>
         <file>dac.obj</file>
         <name>dac.obj</name>
      </input_file>
      <input_file id="fl-e">
         <path>.\bsw\driverlib\</path>
         <kind>object</kind>
         <file>dcsm.obj</file>
         <name>dcsm.obj</name>
      </input_file>
      <input_file id="fl-f">
         <path>.\bsw\driverlib\</path>
         <kind>object</kind>
         <file>dma.obj</file>
         <name>dma.obj</name>
      </input_file>
      <input_file id="fl-10">
         <path>.\bsw\driverlib\</path>
         <kind>object</kind>
         <file>ecap.obj</file>
         <name>ecap.obj</name>
      </input_file>
      <input_file id="fl-11">
         <path>.\bsw\driverlib\</path>
         <kind>object</kind>
         <file>emif.obj</file>
         <name>emif.obj</name>
      </input_file>
      <input_file id="fl-12">
         <path>.\bsw\driverlib\</path>
         <kind>object</kind>
         <file>epwm.obj</file>
         <name>epwm.obj</name>
      </input_file>
      <input_file id="fl-13">
         <path>.\bsw\driverlib\</path>
         <kind>object</kind>
         <file>eqep.obj</file>
         <name>eqep.obj</name>
      </input_file>
      <input_file id="fl-14">
         <path>.\bsw\driverlib\</path>
         <kind>object</kind>
         <file>flash.obj</file>
         <name>flash.obj</name>
      </input_file>
      <input_file id="fl-15">
         <path>.\bsw\driverlib\</path>
         <kind>object</kind>
         <file>gpio.obj</file>
         <name>gpio.obj</name>
      </input_file>
      <input_file id="fl-16">
         <path>.\bsw\driverlib\</path>
         <kind>object</kind>
         <file>hrpwm.obj</file>
         <name>hrpwm.obj</name>
      </input_file>
      <input_file id="fl-17">
         <path>.\bsw\driverlib\</path>
         <kind>object</kind>
         <file>i2c.obj</file>
         <name>i2c.obj</name>
      </input_file>
      <input_file id="fl-18">
         <path>.\bsw\driverlib\</path>
         <kind>object</kind>
         <file>interrupt.obj</file>
         <name>interrupt.obj</name>
      </input_file>
      <input_file id="fl-19">
         <path>.\bsw\driverlib\</path>
         <kind>object</kind>
         <file>ipc.obj</file>
         <name>ipc.obj</name>
      </input_file>
      <input_file id="fl-1a">
         <path>.\bsw\driverlib\</path>
         <kind>object</kind>
         <file>mcbsp.obj</file>
         <name>mcbsp.obj</name>
      </input_file>
      <input_file id="fl-1b">
         <path>.\bsw\driverlib\</path>
         <kind>object</kind>
         <file>memcfg.obj</file>
         <name>memcfg.obj</name>
      </input_file>
      <input_file id="fl-1c">
         <path>.\bsw\driverlib\</path>
         <kind>object</kind>
         <file>sci.obj</file>
         <name>sci.obj</name>
      </input_file>
      <input_file id="fl-1d">
         <path>.\bsw\driverlib\</path>
         <kind>object</kind>
         <file>sdfm.obj</file>
         <name>sdfm.obj</name>
      </input_file>
      <input_file id="fl-1e">
         <path>.\bsw\driverlib\</path>
         <kind>object</kind>
         <file>spi.obj</file>
         <name>spi.obj</name>
      </input_file>
      <input_file id="fl-1f">
         <path>.\bsw\driverlib\</path>
         <kind>object</kind>
         <file>sysctl.obj</file>
         <name>sysctl.obj</name>
      </input_file>
      <input_file id="fl-20">
         <path>.\bsw\driverlib\</path>
         <kind>object</kind>
         <file>upp.obj</file>
         <name>upp.obj</name>
      </input_file>
      <input_file id="fl-21">
         <path>.\bsw\driverlib\</path>
         <kind>object</kind>
         <file>usb.obj</file>
         <name>usb.obj</name>
      </input_file>
      <input_file id="fl-22">
         <path>.\bsw\driverlib\</path>
         <kind>object</kind>
         <file>version.obj</file>
         <name>version.obj</name>
      </input_file>
      <input_file id="fl-23">
         <path>.\bsw\driverlib\</path>
         <kind>object</kind>
         <file>xbar.obj</file>
         <name>xbar.obj</name>
      </input_file>
      <input_file id="fl-27">
         <kind>object</kind>
         <file>&lt;internal&gt;</file>
         <name>&lt;internal&gt;</name>
      </input_file>
      <input_file id="fl-33">
         <path>C:\ti\ccs1271\ccs\tools\compiler\ti-cgt-c2000_22.6.1.LTS\lib\</path>
         <kind>archive</kind>
         <file>rts2800_fpu32.lib</file>
         <name>boot28.asm.obj</name>
      </input_file>
      <input_file id="fl-34">
         <path>C:\ti\ccs1271\ccs\tools\compiler\ti-cgt-c2000_22.6.1.LTS\lib\</path>
         <kind>archive</kind>
         <file>rts2800_fpu32.lib</file>
         <name>fs_div28.asm.obj</name>
      </input_file>
      <input_file id="fl-35">
         <path>C:\ti\ccs1271\ccs\tools\compiler\ti-cgt-c2000_22.6.1.LTS\lib\</path>
         <kind>archive</kind>
         <file>rts2800_fpu32.lib</file>
         <name>cpy_tbl.c.obj</name>
      </input_file>
      <input_file id="fl-36">
         <path>C:\ti\ccs1271\ccs\tools\compiler\ti-cgt-c2000_22.6.1.LTS\lib\</path>
         <kind>archive</kind>
         <file>rts2800_fpu32.lib</file>
         <name>memcpy.c.obj</name>
      </input_file>
      <input_file id="fl-37">
         <path>C:\ti\ccs1271\ccs\tools\compiler\ti-cgt-c2000_22.6.1.LTS\lib\</path>
         <kind>archive</kind>
         <file>rts2800_fpu32.lib</file>
         <name>pre_init.c.obj</name>
      </input_file>
      <input_file id="fl-38">
         <path>C:\ti\ccs1271\ccs\tools\compiler\ti-cgt-c2000_22.6.1.LTS\lib\</path>
         <kind>archive</kind>
         <file>rts2800_fpu32.lib</file>
         <name>startup.c.obj</name>
      </input_file>
      <input_file id="fl-39">
         <path>C:\ti\ccs1271\ccs\tools\compiler\ti-cgt-c2000_22.6.1.LTS\lib\</path>
         <kind>archive</kind>
         <file>rts2800_fpu32.lib</file>
         <name>exit.c.obj</name>
      </input_file>
      <input_file id="fl-3a">
         <path>C:\ti\ccs1271\ccs\tools\compiler\ti-cgt-c2000_22.6.1.LTS\lib\</path>
         <kind>archive</kind>
         <file>rts2800_fpu32.lib</file>
         <name>_lock.c.obj</name>
      </input_file>
      <input_file id="fl-3b">
         <path>C:\ti\ccs1271\ccs\tools\compiler\ti-cgt-c2000_22.6.1.LTS\lib\</path>
         <kind>archive</kind>
         <file>rts2800_fpu32.lib</file>
         <name>args_main.c.obj</name>
      </input_file>
   </input_file_list>
   <object_component_list>
      <object_component id="oc-2c">
         <name>.cinit</name>
         <load_address>0x82000</load_address>
         <run_address>0x82000</run_address>
         <size>0xf</size>
         <input_file_ref idref="fl-5"/>
      </object_component>
      <object_component id="oc-e3">
         <name>.cinit</name>
         <load_address>0x8200f</load_address>
         <run_address>0x8200f</run_address>
         <size>0xe</size>
         <input_file_ref idref="fl-39"/>
      </object_component>
      <object_component id="oc-fb">
         <name>.cinit:__lock</name>
         <load_address>0x8201d</load_address>
         <run_address>0x8201d</run_address>
         <size>0x5</size>
         <input_file_ref idref="fl-3a"/>
      </object_component>
      <object_component id="oc-101">
         <name>.cinit:__unlock</name>
         <load_address>0x82022</load_address>
         <run_address>0x82022</run_address>
         <size>0x5</size>
         <input_file_ref idref="fl-3a"/>
      </object_component>
      <object_component id="oc-103">
         <name>.text</name>
         <load_address>0x8202c</load_address>
         <run_address>0x8202c</run_address>
         <size>0x5c0</size>
         <input_file_ref idref="fl-1f"/>
      </object_component>
      <object_component id="oc-105">
         <name>.text</name>
         <load_address>0x825ec</load_address>
         <run_address>0x825ec</run_address>
         <size>0x4c7</size>
         <input_file_ref idref="fl-8"/>
      </object_component>
      <object_component id="oc-fc">
         <name>.text</name>
         <load_address>0x82ab3</load_address>
         <run_address>0x82ab3</run_address>
         <size>0x3da</size>
         <input_file_ref idref="fl-5"/>
      </object_component>
      <object_component id="oc-104">
         <name>.text</name>
         <load_address>0x82e8d</load_address>
         <run_address>0x82e8d</run_address>
         <size>0x1eb</size>
         <input_file_ref idref="fl-15"/>
      </object_component>
      <object_component id="oc-fd">
         <name>.text</name>
         <load_address>0x83078</load_address>
         <run_address>0x83078</run_address>
         <size>0x173</size>
         <input_file_ref idref="fl-18"/>
      </object_component>
      <object_component id="oc-fe">
         <name>.text</name>
         <load_address>0x831eb</load_address>
         <run_address>0x831eb</run_address>
         <size>0xac</size>
         <input_file_ref idref="fl-3"/>
      </object_component>
      <object_component id="oc-c9">
         <name>.text</name>
         <load_address>0x83297</load_address>
         <run_address>0x83297</run_address>
         <size>0x88</size>
         <input_file_ref idref="fl-34"/>
      </object_component>
      <object_component id="oc-1a">
         <name>.text</name>
         <load_address>0x8331f</load_address>
         <run_address>0x8331f</run_address>
         <size>0x56</size>
         <input_file_ref idref="fl-33"/>
      </object_component>
      <object_component id="oc-84">
         <name>.text:retain</name>
         <load_address>0x83375</load_address>
         <run_address>0x83375</run_address>
         <size>0x2a</size>
         <input_file_ref idref="fl-18"/>
      </object_component>
      <object_component id="oc-f9">
         <name>.text</name>
         <load_address>0x8339f</load_address>
         <run_address>0x8339f</run_address>
         <size>0x29</size>
         <input_file_ref idref="fl-2"/>
      </object_component>
      <object_component id="oc-f7">
         <name>.text</name>
         <load_address>0x833c8</load_address>
         <run_address>0x833c8</run_address>
         <size>0x29</size>
         <input_file_ref idref="fl-39"/>
      </object_component>
      <object_component id="oc-f4">
         <name>.text</name>
         <load_address>0x833f1</load_address>
         <run_address>0x833f1</run_address>
         <size>0x24</size>
         <input_file_ref idref="fl-35"/>
      </object_component>
      <object_component id="oc-f8">
         <name>.text</name>
         <load_address>0x83415</load_address>
         <run_address>0x83415</run_address>
         <size>0x1d</size>
         <input_file_ref idref="fl-36"/>
      </object_component>
      <object_component id="oc-107">
         <name>.text</name>
         <load_address>0x83432</load_address>
         <run_address>0x83432</run_address>
         <size>0x13</size>
         <input_file_ref idref="fl-14"/>
      </object_component>
      <object_component id="oc-f6">
         <name>.text</name>
         <load_address>0x83445</load_address>
         <run_address>0x83445</run_address>
         <size>0x12</size>
         <input_file_ref idref="fl-3b"/>
      </object_component>
      <object_component id="oc-100">
         <name>.text</name>
         <load_address>0x83457</load_address>
         <run_address>0x83457</run_address>
         <size>0x9</size>
         <input_file_ref idref="fl-3a"/>
      </object_component>
      <object_component id="oc-25">
         <name>.text</name>
         <load_address>0x83460</load_address>
         <run_address>0x83460</run_address>
         <size>0x8</size>
         <input_file_ref idref="fl-4"/>
      </object_component>
      <object_component id="oc-f3">
         <name>.text</name>
         <load_address>0x83468</load_address>
         <run_address>0x83468</run_address>
         <size>0x2</size>
         <input_file_ref idref="fl-37"/>
      </object_component>
      <object_component id="oc-f5">
         <name>.text</name>
         <load_address>0x8346a</load_address>
         <run_address>0x8346a</run_address>
         <size>0x1</size>
         <input_file_ref idref="fl-38"/>
      </object_component>
      <object_component id="oc-26">
         <name>codestart</name>
         <load_address>0x80000</load_address>
         <run_address>0x80000</run_address>
         <size>0x2</size>
         <input_file_ref idref="fl-4"/>
      </object_component>
      <object_component id="oc-102">
         <name>.TI.ramfunc</name>
         <load_address>0x86000</load_address>
         <run_address>0x8000</run_address>
         <size>0xcb</size>
         <input_file_ref idref="fl-14"/>
      </object_component>
      <object_component id="oc-aa">
         <name>.TI.ramfunc</name>
         <load_address>0x860cb</load_address>
         <run_address>0x80cb</run_address>
         <size>0x4</size>
         <input_file_ref idref="fl-1f"/>
      </object_component>
      <object_component id="oc-c3">
         <name>.stack</name>
         <uninitialized>true</uninitialized>
         <run_address>0x400</run_address>
         <size>0x0</size>
         <input_file_ref idref="fl-33"/>
      </object_component>
      <object_component id="oc-12e">
         <name>.stack</name>
         <uninitialized>true</uninitialized>
         <run_address>0x400</run_address>
         <size>0x0</size>
      </object_component>
      <object_component id="oc-2d">
         <name>.ebss</name>
         <uninitialized>true</uninitialized>
         <run_address>0xa800</run_address>
         <size>0x6</size>
         <input_file_ref idref="fl-5"/>
      </object_component>
      <object_component id="oc-e4">
         <name>.ebss</name>
         <uninitialized>true</uninitialized>
         <run_address>0xa806</run_address>
         <size>0x6</size>
         <input_file_ref idref="fl-39"/>
      </object_component>
      <object_component id="oc-fa">
         <name>.ebss:__lock</name>
         <uninitialized>true</uninitialized>
         <run_address>0xa80c</run_address>
         <size>0x2</size>
         <input_file_ref idref="fl-3a"/>
      </object_component>
      <object_component id="oc-106">
         <name>.ebss:__unlock</name>
         <uninitialized>true</uninitialized>
         <run_address>0xa80e</run_address>
         <size>0x2</size>
         <input_file_ref idref="fl-3a"/>
      </object_component>
      <object_component id="oc-ff">
         <name>.econst:_$P$T0$1</name>
         <load_address>0x90000</load_address>
         <run_address>0x90000</run_address>
         <size>0x8</size>
         <input_file_ref idref="fl-2"/>
      </object_component>
      <object_component id="oc-c4">
         <name>.reset</name>
         <load_address>0x3fffc0</load_address>
         <run_address>0x3fffc0</run_address>
         <size>0x2</size>
         <input_file_ref idref="fl-33"/>
      </object_component>
      <object_component id="oc-108">
         <name>.TI.memcrc:_ccs_flash_checksum</name>
         <load_address>0x0</load_address>
         <run_address>0x0</run_address>
         <size>0x66</size>
      </object_component>
      <object_component id="oc-1b">
         <name>.debug_info</name>
         <load_address>0x0</load_address>
         <run_address>0x0</run_address>
         <size>0x6de</size>
         <input_file_ref idref="fl-2"/>
      </object_component>
      <object_component id="oc-20">
         <name>.debug_info</name>
         <load_address>0x6de</load_address>
         <run_address>0x6de</run_address>
         <size>0xd6d</size>
         <input_file_ref idref="fl-3"/>
      </object_component>
      <object_component id="oc-28">
         <name>.debug_info</name>
         <load_address>0x144b</load_address>
         <run_address>0x144b</run_address>
         <size>0x14d</size>
         <input_file_ref idref="fl-4"/>
      </object_component>
      <object_component id="oc-2b">
         <name>.debug_info</name>
         <load_address>0x1598</load_address>
         <run_address>0x1598</run_address>
         <size>0x32ee</size>
         <input_file_ref idref="fl-5"/>
      </object_component>
      <object_component id="oc-32">
         <name>.debug_info</name>
         <load_address>0x4886</load_address>
         <run_address>0x4886</run_address>
         <size>0x498</size>
         <input_file_ref idref="fl-6"/>
      </object_component>
      <object_component id="oc-37">
         <name>.debug_info</name>
         <load_address>0x4d1e</load_address>
         <run_address>0x4d1e</run_address>
         <size>0x195</size>
         <input_file_ref idref="fl-7"/>
      </object_component>
      <object_component id="oc-39">
         <name>.debug_info</name>
         <load_address>0x4eb3</load_address>
         <run_address>0x4eb3</run_address>
         <size>0x1c0d</size>
         <input_file_ref idref="fl-8"/>
      </object_component>
      <object_component id="oc-3e">
         <name>.debug_info</name>
         <load_address>0x6ac0</load_address>
         <run_address>0x6ac0</run_address>
         <size>0x9b3</size>
         <input_file_ref idref="fl-9"/>
      </object_component>
      <object_component id="oc-43">
         <name>.debug_info</name>
         <load_address>0x7473</load_address>
         <run_address>0x7473</run_address>
         <size>0x3d2</size>
         <input_file_ref idref="fl-a"/>
      </object_component>
      <object_component id="oc-48">
         <name>.debug_info</name>
         <load_address>0x7845</load_address>
         <run_address>0x7845</run_address>
         <size>0x394</size>
         <input_file_ref idref="fl-b"/>
      </object_component>
      <object_component id="oc-4d">
         <name>.debug_info</name>
         <load_address>0x7bd9</load_address>
         <run_address>0x7bd9</run_address>
         <size>0x421</size>
         <input_file_ref idref="fl-c"/>
      </object_component>
      <object_component id="oc-52">
         <name>.debug_info</name>
         <load_address>0x7ffa</load_address>
         <run_address>0x7ffa</run_address>
         <size>0x3af</size>
         <input_file_ref idref="fl-d"/>
      </object_component>
      <object_component id="oc-57">
         <name>.debug_info</name>
         <load_address>0x83a9</load_address>
         <run_address>0x83a9</run_address>
         <size>0x6fe</size>
         <input_file_ref idref="fl-e"/>
      </object_component>
      <object_component id="oc-5c">
         <name>.debug_info</name>
         <load_address>0x8aa7</load_address>
         <run_address>0x8aa7</run_address>
         <size>0xd63</size>
         <input_file_ref idref="fl-f"/>
      </object_component>
      <object_component id="oc-61">
         <name>.debug_info</name>
         <load_address>0x980a</load_address>
         <run_address>0x980a</run_address>
         <size>0x3ef</size>
         <input_file_ref idref="fl-10"/>
      </object_component>
      <object_component id="oc-66">
         <name>.debug_info</name>
         <load_address>0x9bf9</load_address>
         <run_address>0x9bf9</run_address>
         <size>0x192</size>
         <input_file_ref idref="fl-11"/>
      </object_component>
      <object_component id="oc-68">
         <name>.debug_info</name>
         <load_address>0x9d8b</load_address>
         <run_address>0x9d8b</run_address>
         <size>0xc3c</size>
         <input_file_ref idref="fl-12"/>
      </object_component>
      <object_component id="oc-6d">
         <name>.debug_info</name>
         <load_address>0xa9c7</load_address>
         <run_address>0xa9c7</run_address>
         <size>0x393</size>
         <input_file_ref idref="fl-13"/>
      </object_component>
      <object_component id="oc-72">
         <name>.debug_info</name>
         <load_address>0xad5a</load_address>
         <run_address>0xad5a</run_address>
         <size>0xf49</size>
         <input_file_ref idref="fl-14"/>
      </object_component>
      <object_component id="oc-77">
         <name>.debug_info</name>
         <load_address>0xbca3</load_address>
         <run_address>0xbca3</run_address>
         <size>0x1233</size>
         <input_file_ref idref="fl-15"/>
      </object_component>
      <object_component id="oc-7c">
         <name>.debug_info</name>
         <load_address>0xced6</load_address>
         <run_address>0xced6</run_address>
         <size>0x193</size>
         <input_file_ref idref="fl-16"/>
      </object_component>
      <object_component id="oc-7e">
         <name>.debug_info</name>
         <load_address>0xd069</load_address>
         <run_address>0xd069</run_address>
         <size>0x3c2</size>
         <input_file_ref idref="fl-17"/>
      </object_component>
      <object_component id="oc-83">
         <name>.debug_info</name>
         <load_address>0xd42b</load_address>
         <run_address>0xd42b</run_address>
         <size>0xb5d</size>
         <input_file_ref idref="fl-18"/>
      </object_component>
      <object_component id="oc-89">
         <name>.debug_info</name>
         <load_address>0xdf88</load_address>
         <run_address>0xdf88</run_address>
         <size>0xcde</size>
         <input_file_ref idref="fl-19"/>
      </object_component>
      <object_component id="oc-90">
         <name>.debug_info</name>
         <load_address>0xec66</load_address>
         <run_address>0xec66</run_address>
         <size>0x1b82</size>
         <input_file_ref idref="fl-1a"/>
      </object_component>
      <object_component id="oc-95">
         <name>.debug_info</name>
         <load_address>0x107e8</load_address>
         <run_address>0x107e8</run_address>
         <size>0x4c5</size>
         <input_file_ref idref="fl-1b"/>
      </object_component>
      <object_component id="oc-9a">
         <name>.debug_info</name>
         <load_address>0x10cad</load_address>
         <run_address>0x10cad</run_address>
         <size>0x602</size>
         <input_file_ref idref="fl-1c"/>
      </object_component>
      <object_component id="oc-9f">
         <name>.debug_info</name>
         <load_address>0x112af</load_address>
         <run_address>0x112af</run_address>
         <size>0x4ac</size>
         <input_file_ref idref="fl-1d"/>
      </object_component>
      <object_component id="oc-a4">
         <name>.debug_info</name>
         <load_address>0x1175b</load_address>
         <run_address>0x1175b</run_address>
         <size>0x786</size>
         <input_file_ref idref="fl-1e"/>
      </object_component>
      <object_component id="oc-a9">
         <name>.debug_info</name>
         <load_address>0x11ee1</load_address>
         <run_address>0x11ee1</run_address>
         <size>0x1c43</size>
         <input_file_ref idref="fl-1f"/>
      </object_component>
      <object_component id="oc-af">
         <name>.debug_info</name>
         <load_address>0x13b24</load_address>
         <run_address>0x13b24</run_address>
         <size>0x58c</size>
         <input_file_ref idref="fl-20"/>
      </object_component>
      <object_component id="oc-b4">
         <name>.debug_info</name>
         <load_address>0x140b0</load_address>
         <run_address>0x140b0</run_address>
         <size>0x3e8</size>
         <input_file_ref idref="fl-21"/>
      </object_component>
      <object_component id="oc-b9">
         <name>.debug_info</name>
         <load_address>0x14498</load_address>
         <run_address>0x14498</run_address>
         <size>0x365</size>
         <input_file_ref idref="fl-22"/>
      </object_component>
      <object_component id="oc-be">
         <name>.debug_info</name>
         <load_address>0x147fd</load_address>
         <run_address>0x147fd</run_address>
         <size>0x3074</size>
         <input_file_ref idref="fl-23"/>
      </object_component>
      <object_component id="oc-c5">
         <name>.debug_info</name>
         <load_address>0x17871</load_address>
         <run_address>0x17871</run_address>
         <size>0x173</size>
         <input_file_ref idref="fl-33"/>
      </object_component>
      <object_component id="oc-ca">
         <name>.debug_info</name>
         <load_address>0x179e4</load_address>
         <run_address>0x179e4</run_address>
         <size>0x114</size>
         <input_file_ref idref="fl-34"/>
      </object_component>
      <object_component id="oc-ce">
         <name>.debug_info</name>
         <load_address>0x17af8</load_address>
         <run_address>0x17af8</run_address>
         <size>0x561</size>
         <input_file_ref idref="fl-35"/>
      </object_component>
      <object_component id="oc-d3">
         <name>.debug_info</name>
         <load_address>0x18059</load_address>
         <run_address>0x18059</run_address>
         <size>0x43a</size>
         <input_file_ref idref="fl-36"/>
      </object_component>
      <object_component id="oc-d8">
         <name>.debug_info</name>
         <load_address>0x18493</load_address>
         <run_address>0x18493</run_address>
         <size>0x3ad</size>
         <input_file_ref idref="fl-37"/>
      </object_component>
      <object_component id="oc-dd">
         <name>.debug_info</name>
         <load_address>0x18840</load_address>
         <run_address>0x18840</run_address>
         <size>0x3aa</size>
         <input_file_ref idref="fl-38"/>
      </object_component>
      <object_component id="oc-e2">
         <name>.debug_info</name>
         <load_address>0x18bea</load_address>
         <run_address>0x18bea</run_address>
         <size>0x544</size>
         <input_file_ref idref="fl-39"/>
      </object_component>
      <object_component id="oc-e9">
         <name>.debug_info</name>
         <load_address>0x1912e</load_address>
         <run_address>0x1912e</run_address>
         <size>0x4cc</size>
         <input_file_ref idref="fl-3a"/>
      </object_component>
      <object_component id="oc-ee">
         <name>.debug_info</name>
         <load_address>0x195fa</load_address>
         <run_address>0x195fa</run_address>
         <size>0x467</size>
         <input_file_ref idref="fl-3b"/>
      </object_component>
      <object_component id="oc-132">
         <name>.debug_info</name>
         <load_address>0x19a61</load_address>
         <run_address>0x19a61</run_address>
         <size>0xb0</size>
      </object_component>
      <object_component id="oc-1c">
         <name>.debug_frame</name>
         <load_address>0x0</load_address>
         <run_address>0x0</run_address>
         <size>0x40</size>
         <input_file_ref idref="fl-2"/>
      </object_component>
      <object_component id="oc-21">
         <name>.debug_frame</name>
         <load_address>0x40</load_address>
         <run_address>0x40</run_address>
         <size>0xec</size>
         <input_file_ref idref="fl-3"/>
      </object_component>
      <object_component id="oc-2e">
         <name>.debug_frame</name>
         <load_address>0x12c</load_address>
         <run_address>0x12c</run_address>
         <size>0x21c</size>
         <input_file_ref idref="fl-5"/>
      </object_component>
      <object_component id="oc-33">
         <name>.debug_frame</name>
         <load_address>0x348</load_address>
         <run_address>0x348</run_address>
         <size>0x28</size>
         <input_file_ref idref="fl-6"/>
      </object_component>
      <object_component id="oc-3a">
         <name>.debug_frame</name>
         <load_address>0x370</load_address>
         <run_address>0x370</run_address>
         <size>0x274</size>
         <input_file_ref idref="fl-8"/>
      </object_component>
      <object_component id="oc-3f">
         <name>.debug_frame</name>
         <load_address>0x5e4</load_address>
         <run_address>0x5e4</run_address>
         <size>0x28</size>
         <input_file_ref idref="fl-9"/>
      </object_component>
      <object_component id="oc-44">
         <name>.debug_frame</name>
         <load_address>0x60c</load_address>
         <run_address>0x60c</run_address>
         <size>0x28</size>
         <input_file_ref idref="fl-a"/>
      </object_component>
      <object_component id="oc-49">
         <name>.debug_frame</name>
         <load_address>0x634</load_address>
         <run_address>0x634</run_address>
         <size>0x28</size>
         <input_file_ref idref="fl-b"/>
      </object_component>
      <object_component id="oc-4e">
         <name>.debug_frame</name>
         <load_address>0x65c</load_address>
         <run_address>0x65c</run_address>
         <size>0x28</size>
         <input_file_ref idref="fl-c"/>
      </object_component>
      <object_component id="oc-53">
         <name>.debug_frame</name>
         <load_address>0x684</load_address>
         <run_address>0x684</run_address>
         <size>0x28</size>
         <input_file_ref idref="fl-d"/>
      </object_component>
      <object_component id="oc-58">
         <name>.debug_frame</name>
         <load_address>0x6ac</load_address>
         <run_address>0x6ac</run_address>
         <size>0x28</size>
         <input_file_ref idref="fl-e"/>
      </object_component>
      <object_component id="oc-5d">
         <name>.debug_frame</name>
         <load_address>0x6d4</load_address>
         <run_address>0x6d4</run_address>
         <size>0x28</size>
         <input_file_ref idref="fl-f"/>
      </object_component>
      <object_component id="oc-62">
         <name>.debug_frame</name>
         <load_address>0x6fc</load_address>
         <run_address>0x6fc</run_address>
         <size>0x28</size>
         <input_file_ref idref="fl-10"/>
      </object_component>
      <object_component id="oc-69">
         <name>.debug_frame</name>
         <load_address>0x724</load_address>
         <run_address>0x724</run_address>
         <size>0x28</size>
         <input_file_ref idref="fl-12"/>
      </object_component>
      <object_component id="oc-6e">
         <name>.debug_frame</name>
         <load_address>0x74c</load_address>
         <run_address>0x74c</run_address>
         <size>0x28</size>
         <input_file_ref idref="fl-13"/>
      </object_component>
      <object_component id="oc-73">
         <name>.debug_frame</name>
         <load_address>0x774</load_address>
         <run_address>0x774</run_address>
         <size>0x178</size>
         <input_file_ref idref="fl-14"/>
      </object_component>
      <object_component id="oc-78">
         <name>.debug_frame</name>
         <load_address>0x8ec</load_address>
         <run_address>0x8ec</run_address>
         <size>0x178</size>
         <input_file_ref idref="fl-15"/>
      </object_component>
      <object_component id="oc-7f">
         <name>.debug_frame</name>
         <load_address>0xa64</load_address>
         <run_address>0xa64</run_address>
         <size>0x28</size>
         <input_file_ref idref="fl-17"/>
      </object_component>
      <object_component id="oc-85">
         <name>.debug_frame</name>
         <load_address>0xa8c</load_address>
         <run_address>0xa8c</run_address>
         <size>0x144</size>
         <input_file_ref idref="fl-18"/>
      </object_component>
      <object_component id="oc-8c">
         <name>.debug_frame</name>
         <load_address>0xbd0</load_address>
         <run_address>0xbd0</run_address>
         <size>0x28</size>
         <input_file_ref idref="fl-19"/>
      </object_component>
      <object_component id="oc-91">
         <name>.debug_frame</name>
         <load_address>0xbf8</load_address>
         <run_address>0xbf8</run_address>
         <size>0x28</size>
         <input_file_ref idref="fl-1a"/>
      </object_component>
      <object_component id="oc-96">
         <name>.debug_frame</name>
         <load_address>0xc20</load_address>
         <run_address>0xc20</run_address>
         <size>0x28</size>
         <input_file_ref idref="fl-1b"/>
      </object_component>
      <object_component id="oc-9b">
         <name>.debug_frame</name>
         <load_address>0xc48</load_address>
         <run_address>0xc48</run_address>
         <size>0x28</size>
         <input_file_ref idref="fl-1c"/>
      </object_component>
      <object_component id="oc-a0">
         <name>.debug_frame</name>
         <load_address>0xc70</load_address>
         <run_address>0xc70</run_address>
         <size>0x28</size>
         <input_file_ref idref="fl-1d"/>
      </object_component>
      <object_component id="oc-a5">
         <name>.debug_frame</name>
         <load_address>0xc98</load_address>
         <run_address>0xc98</run_address>
         <size>0x28</size>
         <input_file_ref idref="fl-1e"/>
      </object_component>
      <object_component id="oc-ab">
         <name>.debug_frame</name>
         <load_address>0xcc0</load_address>
         <run_address>0xcc0</run_address>
         <size>0x258</size>
         <input_file_ref idref="fl-1f"/>
      </object_component>
      <object_component id="oc-b0">
         <name>.debug_frame</name>
         <load_address>0xf18</load_address>
         <run_address>0xf18</run_address>
         <size>0x28</size>
         <input_file_ref idref="fl-20"/>
      </object_component>
      <object_component id="oc-b5">
         <name>.debug_frame</name>
         <load_address>0xf40</load_address>
         <run_address>0xf40</run_address>
         <size>0x28</size>
         <input_file_ref idref="fl-21"/>
      </object_component>
      <object_component id="oc-ba">
         <name>.debug_frame</name>
         <load_address>0xf68</load_address>
         <run_address>0xf68</run_address>
         <size>0x28</size>
         <input_file_ref idref="fl-22"/>
      </object_component>
      <object_component id="oc-bf">
         <name>.debug_frame</name>
         <load_address>0xf90</load_address>
         <run_address>0xf90</run_address>
         <size>0x28</size>
         <input_file_ref idref="fl-23"/>
      </object_component>
      <object_component id="oc-cf">
         <name>.debug_frame</name>
         <load_address>0xfb8</load_address>
         <run_address>0xfb8</run_address>
         <size>0x60</size>
         <input_file_ref idref="fl-35"/>
      </object_component>
      <object_component id="oc-d4">
         <name>.debug_frame</name>
         <load_address>0x1018</load_address>
         <run_address>0x1018</run_address>
         <size>0x40</size>
         <input_file_ref idref="fl-36"/>
      </object_component>
      <object_component id="oc-d9">
         <name>.debug_frame</name>
         <load_address>0x1058</load_address>
         <run_address>0x1058</run_address>
         <size>0x40</size>
         <input_file_ref idref="fl-37"/>
      </object_component>
      <object_component id="oc-de">
         <name>.debug_frame</name>
         <load_address>0x1098</load_address>
         <run_address>0x1098</run_address>
         <size>0x40</size>
         <input_file_ref idref="fl-38"/>
      </object_component>
      <object_component id="oc-e5">
         <name>.debug_frame</name>
         <load_address>0x10d8</load_address>
         <run_address>0x10d8</run_address>
         <size>0x60</size>
         <input_file_ref idref="fl-39"/>
      </object_component>
      <object_component id="oc-ea">
         <name>.debug_frame</name>
         <load_address>0x1138</load_address>
         <run_address>0x1138</run_address>
         <size>0x70</size>
         <input_file_ref idref="fl-3a"/>
      </object_component>
      <object_component id="oc-ef">
         <name>.debug_frame</name>
         <load_address>0x11a8</load_address>
         <run_address>0x11a8</run_address>
         <size>0x40</size>
         <input_file_ref idref="fl-3b"/>
      </object_component>
      <object_component id="oc-1d">
         <name>.debug_line</name>
         <load_address>0x0</load_address>
         <run_address>0x0</run_address>
         <size>0x50</size>
         <input_file_ref idref="fl-2"/>
      </object_component>
      <object_component id="oc-22">
         <name>.debug_line</name>
         <load_address>0x50</load_address>
         <run_address>0x50</run_address>
         <size>0x178</size>
         <input_file_ref idref="fl-3"/>
      </object_component>
      <object_component id="oc-27">
         <name>.debug_line</name>
         <load_address>0x1c8</load_address>
         <run_address>0x1c8</run_address>
         <size>0x6e</size>
         <input_file_ref idref="fl-4"/>
      </object_component>
      <object_component id="oc-2f">
         <name>.debug_line</name>
         <load_address>0x236</load_address>
         <run_address>0x236</run_address>
         <size>0x3fc</size>
         <input_file_ref idref="fl-5"/>
      </object_component>
      <object_component id="oc-34">
         <name>.debug_line</name>
         <load_address>0x632</load_address>
         <run_address>0x632</run_address>
         <size>0x37</size>
         <input_file_ref idref="fl-6"/>
      </object_component>
      <object_component id="oc-3b">
         <name>.debug_line</name>
         <load_address>0x669</load_address>
         <run_address>0x669</run_address>
         <size>0x4ac</size>
         <input_file_ref idref="fl-8"/>
      </object_component>
      <object_component id="oc-40">
         <name>.debug_line</name>
         <load_address>0xb15</load_address>
         <run_address>0xb15</run_address>
         <size>0x37</size>
         <input_file_ref idref="fl-9"/>
      </object_component>
      <object_component id="oc-45">
         <name>.debug_line</name>
         <load_address>0xb4c</load_address>
         <run_address>0xb4c</run_address>
         <size>0x51</size>
         <input_file_ref idref="fl-a"/>
      </object_component>
      <object_component id="oc-4a">
         <name>.debug_line</name>
         <load_address>0xb9d</load_address>
         <run_address>0xb9d</run_address>
         <size>0x39</size>
         <input_file_ref idref="fl-b"/>
      </object_component>
      <object_component id="oc-4f">
         <name>.debug_line</name>
         <load_address>0xbd6</load_address>
         <run_address>0xbd6</run_address>
         <size>0x3c</size>
         <input_file_ref idref="fl-c"/>
      </object_component>
      <object_component id="oc-54">
         <name>.debug_line</name>
         <load_address>0xc12</load_address>
         <run_address>0xc12</run_address>
         <size>0x37</size>
         <input_file_ref idref="fl-d"/>
      </object_component>
      <object_component id="oc-59">
         <name>.debug_line</name>
         <load_address>0xc49</load_address>
         <run_address>0xc49</run_address>
         <size>0x53</size>
         <input_file_ref idref="fl-e"/>
      </object_component>
      <object_component id="oc-5e">
         <name>.debug_line</name>
         <load_address>0xc9c</load_address>
         <run_address>0xc9c</run_address>
         <size>0x51</size>
         <input_file_ref idref="fl-f"/>
      </object_component>
      <object_component id="oc-63">
         <name>.debug_line</name>
         <load_address>0xced</load_address>
         <run_address>0xced</run_address>
         <size>0x38</size>
         <input_file_ref idref="fl-10"/>
      </object_component>
      <object_component id="oc-6a">
         <name>.debug_line</name>
         <load_address>0xd25</load_address>
         <run_address>0xd25</run_address>
         <size>0x70</size>
         <input_file_ref idref="fl-12"/>
      </object_component>
      <object_component id="oc-6f">
         <name>.debug_line</name>
         <load_address>0xd95</load_address>
         <run_address>0xd95</run_address>
         <size>0x38</size>
         <input_file_ref idref="fl-13"/>
      </object_component>
      <object_component id="oc-74">
         <name>.debug_line</name>
         <load_address>0xdcd</load_address>
         <run_address>0xdcd</run_address>
         <size>0x1aa</size>
         <input_file_ref idref="fl-14"/>
      </object_component>
      <object_component id="oc-79">
         <name>.debug_line</name>
         <load_address>0xf77</load_address>
         <run_address>0xf77</run_address>
         <size>0x251</size>
         <input_file_ref idref="fl-15"/>
      </object_component>
      <object_component id="oc-80">
         <name>.debug_line</name>
         <load_address>0x11c8</load_address>
         <run_address>0x11c8</run_address>
         <size>0x37</size>
         <input_file_ref idref="fl-17"/>
      </object_component>
      <object_component id="oc-86">
         <name>.debug_line</name>
         <load_address>0x11ff</load_address>
         <run_address>0x11ff</run_address>
         <size>0x209</size>
         <input_file_ref idref="fl-18"/>
      </object_component>
      <object_component id="oc-8d">
         <name>.debug_line</name>
         <load_address>0x1408</load_address>
         <run_address>0x1408</run_address>
         <size>0x71</size>
         <input_file_ref idref="fl-19"/>
      </object_component>
      <object_component id="oc-92">
         <name>.debug_line</name>
         <load_address>0x1479</load_address>
         <run_address>0x1479</run_address>
         <size>0x55</size>
         <input_file_ref idref="fl-1a"/>
      </object_component>
      <object_component id="oc-97">
         <name>.debug_line</name>
         <load_address>0x14ce</load_address>
         <run_address>0x14ce</run_address>
         <size>0x3a</size>
         <input_file_ref idref="fl-1b"/>
      </object_component>
      <object_component id="oc-9c">
         <name>.debug_line</name>
         <load_address>0x1508</load_address>
         <run_address>0x1508</run_address>
         <size>0x51</size>
         <input_file_ref idref="fl-1c"/>
      </object_component>
      <object_component id="oc-a1">
         <name>.debug_line</name>
         <load_address>0x1559</load_address>
         <run_address>0x1559</run_address>
         <size>0x53</size>
         <input_file_ref idref="fl-1d"/>
      </object_component>
      <object_component id="oc-a6">
         <name>.debug_line</name>
         <load_address>0x15ac</load_address>
         <run_address>0x15ac</run_address>
         <size>0x51</size>
         <input_file_ref idref="fl-1e"/>
      </object_component>
      <object_component id="oc-ac">
         <name>.debug_line</name>
         <load_address>0x15fd</load_address>
         <run_address>0x15fd</run_address>
         <size>0x661</size>
         <input_file_ref idref="fl-1f"/>
      </object_component>
      <object_component id="oc-b1">
         <name>.debug_line</name>
         <load_address>0x1c5e</load_address>
         <run_address>0x1c5e</run_address>
         <size>0x37</size>
         <input_file_ref idref="fl-20"/>
      </object_component>
      <object_component id="oc-b6">
         <name>.debug_line</name>
         <load_address>0x1c95</load_address>
         <run_address>0x1c95</run_address>
         <size>0x37</size>
         <input_file_ref idref="fl-21"/>
      </object_component>
      <object_component id="oc-bb">
         <name>.debug_line</name>
         <load_address>0x1ccc</load_address>
         <run_address>0x1ccc</run_address>
         <size>0x3b</size>
         <input_file_ref idref="fl-22"/>
      </object_component>
      <object_component id="oc-c0">
         <name>.debug_line</name>
         <load_address>0x1d07</load_address>
         <run_address>0x1d07</run_address>
         <size>0x38</size>
         <input_file_ref idref="fl-23"/>
      </object_component>
      <object_component id="oc-c6">
         <name>.debug_line</name>
         <load_address>0x1d3f</load_address>
         <run_address>0x1d3f</run_address>
         <size>0x7e</size>
         <input_file_ref idref="fl-33"/>
      </object_component>
      <object_component id="oc-cb">
         <name>.debug_line</name>
         <load_address>0x1dbd</load_address>
         <run_address>0x1dbd</run_address>
         <size>0xad</size>
         <input_file_ref idref="fl-34"/>
      </object_component>
      <object_component id="oc-d0">
         <name>.debug_line</name>
         <load_address>0x1e6a</load_address>
         <run_address>0x1e6a</run_address>
         <size>0x50</size>
         <input_file_ref idref="fl-35"/>
      </object_component>
      <object_component id="oc-d5">
         <name>.debug_line</name>
         <load_address>0x1eba</load_address>
         <run_address>0x1eba</run_address>
         <size>0x62</size>
         <input_file_ref idref="fl-36"/>
      </object_component>
      <object_component id="oc-da">
         <name>.debug_line</name>
         <load_address>0x1f1c</load_address>
         <run_address>0x1f1c</run_address>
         <size>0x3e</size>
         <input_file_ref idref="fl-37"/>
      </object_component>
      <object_component id="oc-df">
         <name>.debug_line</name>
         <load_address>0x1f5a</load_address>
         <run_address>0x1f5a</run_address>
         <size>0x3a</size>
         <input_file_ref idref="fl-38"/>
      </object_component>
      <object_component id="oc-e6">
         <name>.debug_line</name>
         <load_address>0x1f94</load_address>
         <run_address>0x1f94</run_address>
         <size>0x65</size>
         <input_file_ref idref="fl-39"/>
      </object_component>
      <object_component id="oc-eb">
         <name>.debug_line</name>
         <load_address>0x1ff9</load_address>
         <run_address>0x1ff9</run_address>
         <size>0x5e</size>
         <input_file_ref idref="fl-3a"/>
      </object_component>
      <object_component id="oc-f0">
         <name>.debug_line</name>
         <load_address>0x2057</load_address>
         <run_address>0x2057</run_address>
         <size>0x4f</size>
         <input_file_ref idref="fl-3b"/>
      </object_component>
      <object_component id="oc-1e">
         <name>.debug_abbrev</name>
         <load_address>0x0</load_address>
         <run_address>0x0</run_address>
         <size>0x101</size>
         <input_file_ref idref="fl-2"/>
      </object_component>
      <object_component id="oc-23">
         <name>.debug_abbrev</name>
         <load_address>0x101</load_address>
         <run_address>0x101</run_address>
         <size>0x10c</size>
         <input_file_ref idref="fl-3"/>
      </object_component>
      <object_component id="oc-29">
         <name>.debug_abbrev</name>
         <load_address>0x20d</load_address>
         <run_address>0x20d</run_address>
         <size>0x21</size>
         <input_file_ref idref="fl-4"/>
      </object_component>
      <object_component id="oc-30">
         <name>.debug_abbrev</name>
         <load_address>0x22e</load_address>
         <run_address>0x22e</run_address>
         <size>0x1b6</size>
         <input_file_ref idref="fl-5"/>
      </object_component>
      <object_component id="oc-35">
         <name>.debug_abbrev</name>
         <load_address>0x3e4</load_address>
         <run_address>0x3e4</run_address>
         <size>0x107</size>
         <input_file_ref idref="fl-6"/>
      </object_component>
      <object_component id="oc-38">
         <name>.debug_abbrev</name>
         <load_address>0x4eb</load_address>
         <run_address>0x4eb</run_address>
         <size>0x21</size>
         <input_file_ref idref="fl-7"/>
      </object_component>
      <object_component id="oc-3c">
         <name>.debug_abbrev</name>
         <load_address>0x50c</load_address>
         <run_address>0x50c</run_address>
         <size>0x176</size>
         <input_file_ref idref="fl-8"/>
      </object_component>
      <object_component id="oc-41">
         <name>.debug_abbrev</name>
         <load_address>0x682</load_address>
         <run_address>0x682</run_address>
         <size>0x9c</size>
         <input_file_ref idref="fl-9"/>
      </object_component>
      <object_component id="oc-46">
         <name>.debug_abbrev</name>
         <load_address>0x71e</load_address>
         <run_address>0x71e</run_address>
         <size>0xe8</size>
         <input_file_ref idref="fl-a"/>
      </object_component>
      <object_component id="oc-4b">
         <name>.debug_abbrev</name>
         <load_address>0x806</load_address>
         <run_address>0x806</run_address>
         <size>0x8a</size>
         <input_file_ref idref="fl-b"/>
      </object_component>
      <object_component id="oc-50">
         <name>.debug_abbrev</name>
         <load_address>0x890</load_address>
         <run_address>0x890</run_address>
         <size>0xa5</size>
         <input_file_ref idref="fl-c"/>
      </object_component>
      <object_component id="oc-55">
         <name>.debug_abbrev</name>
         <load_address>0x935</load_address>
         <run_address>0x935</run_address>
         <size>0x98</size>
         <input_file_ref idref="fl-d"/>
      </object_component>
      <object_component id="oc-5a">
         <name>.debug_abbrev</name>
         <load_address>0x9cd</load_address>
         <run_address>0x9cd</run_address>
         <size>0x155</size>
         <input_file_ref idref="fl-e"/>
      </object_component>
      <object_component id="oc-5f">
         <name>.debug_abbrev</name>
         <load_address>0xb22</load_address>
         <run_address>0xb22</run_address>
         <size>0x14f</size>
         <input_file_ref idref="fl-f"/>
      </object_component>
      <object_component id="oc-64">
         <name>.debug_abbrev</name>
         <load_address>0xc71</load_address>
         <run_address>0xc71</run_address>
         <size>0x9c</size>
         <input_file_ref idref="fl-10"/>
      </object_component>
      <object_component id="oc-67">
         <name>.debug_abbrev</name>
         <load_address>0xd0d</load_address>
         <run_address>0xd0d</run_address>
         <size>0x21</size>
         <input_file_ref idref="fl-11"/>
      </object_component>
      <object_component id="oc-6b">
         <name>.debug_abbrev</name>
         <load_address>0xd2e</load_address>
         <run_address>0xd2e</run_address>
         <size>0x128</size>
         <input_file_ref idref="fl-12"/>
      </object_component>
      <object_component id="oc-70">
         <name>.debug_abbrev</name>
         <load_address>0xe56</load_address>
         <run_address>0xe56</run_address>
         <size>0x8a</size>
         <input_file_ref idref="fl-13"/>
      </object_component>
      <object_component id="oc-75">
         <name>.debug_abbrev</name>
         <load_address>0xee0</load_address>
         <run_address>0xee0</run_address>
         <size>0xcf</size>
         <input_file_ref idref="fl-14"/>
      </object_component>
      <object_component id="oc-7a">
         <name>.debug_abbrev</name>
         <load_address>0xfaf</load_address>
         <run_address>0xfaf</run_address>
         <size>0x18a</size>
         <input_file_ref idref="fl-15"/>
      </object_component>
      <object_component id="oc-7d">
         <name>.debug_abbrev</name>
         <load_address>0x1139</load_address>
         <run_address>0x1139</run_address>
         <size>0x21</size>
         <input_file_ref idref="fl-16"/>
      </object_component>
      <object_component id="oc-81">
         <name>.debug_abbrev</name>
         <load_address>0x115a</load_address>
         <run_address>0x115a</run_address>
         <size>0xec</size>
         <input_file_ref idref="fl-17"/>
      </object_component>
      <object_component id="oc-87">
         <name>.debug_abbrev</name>
         <load_address>0x1246</load_address>
         <run_address>0x1246</run_address>
         <size>0x15d</size>
         <input_file_ref idref="fl-18"/>
      </object_component>
      <object_component id="oc-8e">
         <name>.debug_abbrev</name>
         <load_address>0x13a3</load_address>
         <run_address>0x13a3</run_address>
         <size>0x21d</size>
         <input_file_ref idref="fl-19"/>
      </object_component>
      <object_component id="oc-93">
         <name>.debug_abbrev</name>
         <load_address>0x15c0</load_address>
         <run_address>0x15c0</run_address>
         <size>0x1a8</size>
         <input_file_ref idref="fl-1a"/>
      </object_component>
      <object_component id="oc-98">
         <name>.debug_abbrev</name>
         <load_address>0x1768</load_address>
         <run_address>0x1768</run_address>
         <size>0x113</size>
         <input_file_ref idref="fl-1b"/>
      </object_component>
      <object_component id="oc-9d">
         <name>.debug_abbrev</name>
         <load_address>0x187b</load_address>
         <run_address>0x187b</run_address>
         <size>0x15f</size>
         <input_file_ref idref="fl-1c"/>
      </object_component>
      <object_component id="oc-a2">
         <name>.debug_abbrev</name>
         <load_address>0x19da</load_address>
         <run_address>0x19da</run_address>
         <size>0xcf</size>
         <input_file_ref idref="fl-1d"/>
      </object_component>
      <object_component id="oc-a7">
         <name>.debug_abbrev</name>
         <load_address>0x1aa9</load_address>
         <run_address>0x1aa9</run_address>
         <size>0x1b3</size>
         <input_file_ref idref="fl-1e"/>
      </object_component>
      <object_component id="oc-ad">
         <name>.debug_abbrev</name>
         <load_address>0x1c5c</load_address>
         <run_address>0x1c5c</run_address>
         <size>0x1d2</size>
         <input_file_ref idref="fl-1f"/>
      </object_component>
      <object_component id="oc-b2">
         <name>.debug_abbrev</name>
         <load_address>0x1e2e</load_address>
         <run_address>0x1e2e</run_address>
         <size>0x145</size>
         <input_file_ref idref="fl-20"/>
      </object_component>
      <object_component id="oc-b7">
         <name>.debug_abbrev</name>
         <load_address>0x1f73</load_address>
         <run_address>0x1f73</run_address>
         <size>0x13d</size>
         <input_file_ref idref="fl-21"/>
      </object_component>
      <object_component id="oc-bc">
         <name>.debug_abbrev</name>
         <load_address>0x20b0</load_address>
         <run_address>0x20b0</run_address>
         <size>0x70</size>
         <input_file_ref idref="fl-22"/>
      </object_component>
      <object_component id="oc-c1">
         <name>.debug_abbrev</name>
         <load_address>0x2120</load_address>
         <run_address>0x2120</run_address>
         <size>0xce</size>
         <input_file_ref idref="fl-23"/>
      </object_component>
      <object_component id="oc-c7">
         <name>.debug_abbrev</name>
         <load_address>0x21ee</load_address>
         <run_address>0x21ee</run_address>
         <size>0x46</size>
         <input_file_ref idref="fl-33"/>
      </object_component>
      <object_component id="oc-cc">
         <name>.debug_abbrev</name>
         <load_address>0x2234</load_address>
         <run_address>0x2234</run_address>
         <size>0x38</size>
         <input_file_ref idref="fl-34"/>
      </object_component>
      <object_component id="oc-d1">
         <name>.debug_abbrev</name>
         <load_address>0x226c</load_address>
         <run_address>0x226c</run_address>
         <size>0xe3</size>
         <input_file_ref idref="fl-35"/>
      </object_component>
      <object_component id="oc-d6">
         <name>.debug_abbrev</name>
         <load_address>0x234f</load_address>
         <run_address>0x234f</run_address>
         <size>0xa8</size>
         <input_file_ref idref="fl-36"/>
      </object_component>
      <object_component id="oc-db">
         <name>.debug_abbrev</name>
         <load_address>0x23f7</load_address>
         <run_address>0x23f7</run_address>
         <size>0x68</size>
         <input_file_ref idref="fl-37"/>
      </object_component>
      <object_component id="oc-e0">
         <name>.debug_abbrev</name>
         <load_address>0x245f</load_address>
         <run_address>0x245f</run_address>
         <size>0x66</size>
         <input_file_ref idref="fl-38"/>
      </object_component>
      <object_component id="oc-e7">
         <name>.debug_abbrev</name>
         <load_address>0x24c5</load_address>
         <run_address>0x24c5</run_address>
         <size>0x130</size>
         <input_file_ref idref="fl-39"/>
      </object_component>
      <object_component id="oc-ec">
         <name>.debug_abbrev</name>
         <load_address>0x25f5</load_address>
         <run_address>0x25f5</run_address>
         <size>0xb2</size>
         <input_file_ref idref="fl-3a"/>
      </object_component>
      <object_component id="oc-f1">
         <name>.debug_abbrev</name>
         <load_address>0x26a7</load_address>
         <run_address>0x26a7</run_address>
         <size>0xee</size>
         <input_file_ref idref="fl-3b"/>
      </object_component>
      <object_component id="oc-133">
         <name>.debug_abbrev</name>
         <load_address>0x2795</load_address>
         <run_address>0x2795</run_address>
         <size>0xf</size>
      </object_component>
      <object_component id="oc-1f">
         <name>.debug_aranges</name>
         <load_address>0x0</load_address>
         <run_address>0x0</run_address>
         <size>0x20</size>
         <input_file_ref idref="fl-2"/>
      </object_component>
      <object_component id="oc-24">
         <name>.debug_aranges</name>
         <load_address>0x20</load_address>
         <run_address>0x20</run_address>
         <size>0x50</size>
         <input_file_ref idref="fl-3"/>
      </object_component>
      <object_component id="oc-2a">
         <name>.debug_aranges</name>
         <load_address>0x70</load_address>
         <run_address>0x70</run_address>
         <size>0x28</size>
         <input_file_ref idref="fl-4"/>
      </object_component>
      <object_component id="oc-31">
         <name>.debug_aranges</name>
         <load_address>0x98</load_address>
         <run_address>0x98</run_address>
         <size>0xb0</size>
         <input_file_ref idref="fl-5"/>
      </object_component>
      <object_component id="oc-36">
         <name>.debug_aranges</name>
         <load_address>0x148</load_address>
         <run_address>0x148</run_address>
         <size>0x18</size>
         <input_file_ref idref="fl-6"/>
      </object_component>
      <object_component id="oc-3d">
         <name>.debug_aranges</name>
         <load_address>0x160</load_address>
         <run_address>0x160</run_address>
         <size>0xc0</size>
         <input_file_ref idref="fl-8"/>
      </object_component>
      <object_component id="oc-42">
         <name>.debug_aranges</name>
         <load_address>0x220</load_address>
         <run_address>0x220</run_address>
         <size>0x18</size>
         <input_file_ref idref="fl-9"/>
      </object_component>
      <object_component id="oc-47">
         <name>.debug_aranges</name>
         <load_address>0x238</load_address>
         <run_address>0x238</run_address>
         <size>0x18</size>
         <input_file_ref idref="fl-a"/>
      </object_component>
      <object_component id="oc-4c">
         <name>.debug_aranges</name>
         <load_address>0x250</load_address>
         <run_address>0x250</run_address>
         <size>0x18</size>
         <input_file_ref idref="fl-b"/>
      </object_component>
      <object_component id="oc-51">
         <name>.debug_aranges</name>
         <load_address>0x268</load_address>
         <run_address>0x268</run_address>
         <size>0x18</size>
         <input_file_ref idref="fl-c"/>
      </object_component>
      <object_component id="oc-56">
         <name>.debug_aranges</name>
         <load_address>0x280</load_address>
         <run_address>0x280</run_address>
         <size>0x18</size>
         <input_file_ref idref="fl-d"/>
      </object_component>
      <object_component id="oc-5b">
         <name>.debug_aranges</name>
         <load_address>0x298</load_address>
         <run_address>0x298</run_address>
         <size>0x18</size>
         <input_file_ref idref="fl-e"/>
      </object_component>
      <object_component id="oc-60">
         <name>.debug_aranges</name>
         <load_address>0x2b0</load_address>
         <run_address>0x2b0</run_address>
         <size>0x18</size>
         <input_file_ref idref="fl-f"/>
      </object_component>
      <object_component id="oc-65">
         <name>.debug_aranges</name>
         <load_address>0x2c8</load_address>
         <run_address>0x2c8</run_address>
         <size>0x18</size>
         <input_file_ref idref="fl-10"/>
      </object_component>
      <object_component id="oc-6c">
         <name>.debug_aranges</name>
         <load_address>0x2e0</load_address>
         <run_address>0x2e0</run_address>
         <size>0x18</size>
         <input_file_ref idref="fl-12"/>
      </object_component>
      <object_component id="oc-71">
         <name>.debug_aranges</name>
         <load_address>0x2f8</load_address>
         <run_address>0x2f8</run_address>
         <size>0x18</size>
         <input_file_ref idref="fl-13"/>
      </object_component>
      <object_component id="oc-76">
         <name>.debug_aranges</name>
         <load_address>0x310</load_address>
         <run_address>0x310</run_address>
         <size>0x78</size>
         <input_file_ref idref="fl-14"/>
      </object_component>
      <object_component id="oc-7b">
         <name>.debug_aranges</name>
         <load_address>0x388</load_address>
         <run_address>0x388</run_address>
         <size>0x78</size>
         <input_file_ref idref="fl-15"/>
      </object_component>
      <object_component id="oc-82">
         <name>.debug_aranges</name>
         <load_address>0x400</load_address>
         <run_address>0x400</run_address>
         <size>0x18</size>
         <input_file_ref idref="fl-17"/>
      </object_component>
      <object_component id="oc-88">
         <name>.debug_aranges</name>
         <load_address>0x418</load_address>
         <run_address>0x418</run_address>
         <size>0x68</size>
         <input_file_ref idref="fl-18"/>
      </object_component>
      <object_component id="oc-8f">
         <name>.debug_aranges</name>
         <load_address>0x480</load_address>
         <run_address>0x480</run_address>
         <size>0x18</size>
         <input_file_ref idref="fl-19"/>
      </object_component>
      <object_component id="oc-94">
         <name>.debug_aranges</name>
         <load_address>0x498</load_address>
         <run_address>0x498</run_address>
         <size>0x18</size>
         <input_file_ref idref="fl-1a"/>
      </object_component>
      <object_component id="oc-99">
         <name>.debug_aranges</name>
         <load_address>0x4b0</load_address>
         <run_address>0x4b0</run_address>
         <size>0x18</size>
         <input_file_ref idref="fl-1b"/>
      </object_component>
      <object_component id="oc-9e">
         <name>.debug_aranges</name>
         <load_address>0x4c8</load_address>
         <run_address>0x4c8</run_address>
         <size>0x18</size>
         <input_file_ref idref="fl-1c"/>
      </object_component>
      <object_component id="oc-a3">
         <name>.debug_aranges</name>
         <load_address>0x4e0</load_address>
         <run_address>0x4e0</run_address>
         <size>0x18</size>
         <input_file_ref idref="fl-1d"/>
      </object_component>
      <object_component id="oc-a8">
         <name>.debug_aranges</name>
         <load_address>0x4f8</load_address>
         <run_address>0x4f8</run_address>
         <size>0x18</size>
         <input_file_ref idref="fl-1e"/>
      </object_component>
      <object_component id="oc-ae">
         <name>.debug_aranges</name>
         <load_address>0x510</load_address>
         <run_address>0x510</run_address>
         <size>0xb8</size>
         <input_file_ref idref="fl-1f"/>
      </object_component>
      <object_component id="oc-b3">
         <name>.debug_aranges</name>
         <load_address>0x5c8</load_address>
         <run_address>0x5c8</run_address>
         <size>0x18</size>
         <input_file_ref idref="fl-20"/>
      </object_component>
      <object_component id="oc-b8">
         <name>.debug_aranges</name>
         <load_address>0x5e0</load_address>
         <run_address>0x5e0</run_address>
         <size>0x18</size>
         <input_file_ref idref="fl-21"/>
      </object_component>
      <object_component id="oc-bd">
         <name>.debug_aranges</name>
         <load_address>0x5f8</load_address>
         <run_address>0x5f8</run_address>
         <size>0x18</size>
         <input_file_ref idref="fl-22"/>
      </object_component>
      <object_component id="oc-c2">
         <name>.debug_aranges</name>
         <load_address>0x610</load_address>
         <run_address>0x610</run_address>
         <size>0x18</size>
         <input_file_ref idref="fl-23"/>
      </object_component>
      <object_component id="oc-c8">
         <name>.debug_aranges</name>
         <load_address>0x628</load_address>
         <run_address>0x628</run_address>
         <size>0x20</size>
         <input_file_ref idref="fl-33"/>
      </object_component>
      <object_component id="oc-cd">
         <name>.debug_aranges</name>
         <load_address>0x648</load_address>
         <run_address>0x648</run_address>
         <size>0x20</size>
         <input_file_ref idref="fl-34"/>
      </object_component>
      <object_component id="oc-d2">
         <name>.debug_aranges</name>
         <load_address>0x668</load_address>
         <run_address>0x668</run_address>
         <size>0x20</size>
         <input_file_ref idref="fl-35"/>
      </object_component>
      <object_component id="oc-d7">
         <name>.debug_aranges</name>
         <load_address>0x688</load_address>
         <run_address>0x688</run_address>
         <size>0x20</size>
         <input_file_ref idref="fl-36"/>
      </object_component>
      <object_component id="oc-dc">
         <name>.debug_aranges</name>
         <load_address>0x6a8</load_address>
         <run_address>0x6a8</run_address>
         <size>0x20</size>
         <input_file_ref idref="fl-37"/>
      </object_component>
      <object_component id="oc-e1">
         <name>.debug_aranges</name>
         <load_address>0x6c8</load_address>
         <run_address>0x6c8</run_address>
         <size>0x20</size>
         <input_file_ref idref="fl-38"/>
      </object_component>
      <object_component id="oc-e8">
         <name>.debug_aranges</name>
         <load_address>0x6e8</load_address>
         <run_address>0x6e8</run_address>
         <size>0x28</size>
         <input_file_ref idref="fl-39"/>
      </object_component>
      <object_component id="oc-ed">
         <name>.debug_aranges</name>
         <load_address>0x710</load_address>
         <run_address>0x710</run_address>
         <size>0x30</size>
         <input_file_ref idref="fl-3a"/>
      </object_component>
      <object_component id="oc-f2">
         <name>.debug_aranges</name>
         <load_address>0x740</load_address>
         <run_address>0x740</run_address>
         <size>0x20</size>
         <input_file_ref idref="fl-3b"/>
      </object_component>
      <object_component id="oc-8a">
         <name>MSGRAM_CPU1_TO_CPU2</name>
         <uninitialized>true</uninitialized>
         <run_address>0x40</run_address>
         <size>0x88</size>
         <input_file_ref idref="fl-19"/>
      </object_component>
      <object_component id="oc-8b">
         <name>MSGRAM_CPU2_TO_CPU1</name>
         <uninitialized>true</uninitialized>
         <run_address>0x600</run_address>
         <size>0x88</size>
         <input_file_ref idref="fl-19"/>
      </object_component>
   </object_component_list>
   <logical_group_list>
      <logical_group id="lg-2" display="no" color="cyan">
         <name>.cinit</name>
         <load_address>0x82000</load_address>
         <run_address>0x82000</run_address>
         <size>0x29</size>
         <contents>
            <object_component_ref idref="oc-2c"/>
            <object_component_ref idref="oc-e3"/>
            <object_component_ref idref="oc-fb"/>
            <object_component_ref idref="oc-101"/>
         </contents>
      </logical_group>
      <logical_group id="lg-3" display="no" color="cyan">
         <name>.pinit</name>
         <run_address>0x0</run_address>
         <size>0x0</size>
         <contents>
         </contents>
      </logical_group>
      <logical_group id="lg-12f" display="no" color="cyan">
         <name>.text</name>
         <load_address>0x8202c</load_address>
         <run_address>0x8202c</run_address>
         <size>0x143f</size>
         <contents>
            <object_component_ref idref="oc-103"/>
            <object_component_ref idref="oc-105"/>
            <object_component_ref idref="oc-fc"/>
            <object_component_ref idref="oc-104"/>
            <object_component_ref idref="oc-fd"/>
            <object_component_ref idref="oc-fe"/>
            <object_component_ref idref="oc-c9"/>
            <object_component_ref idref="oc-1a"/>
            <object_component_ref idref="oc-84"/>
            <object_component_ref idref="oc-f9"/>
            <object_component_ref idref="oc-f7"/>
            <object_component_ref idref="oc-f4"/>
            <object_component_ref idref="oc-f8"/>
            <object_component_ref idref="oc-107"/>
            <object_component_ref idref="oc-f6"/>
            <object_component_ref idref="oc-100"/>
            <object_component_ref idref="oc-25"/>
            <object_component_ref idref="oc-f3"/>
            <object_component_ref idref="oc-f5"/>
         </contents>
      </logical_group>
      <split_section id="lg-4" display="no" color="cyan">
         <name>.text</name>
         <contents>
            <logical_group_ref idref="lg-12f"/>
         </contents>
      </split_section>
      <logical_group id="lg-5" display="no" color="cyan">
         <name>codestart</name>
         <load_address>0x80000</load_address>
         <run_address>0x80000</run_address>
         <size>0x2</size>
         <contents>
            <object_component_ref idref="oc-26"/>
         </contents>
      </logical_group>
      <logical_group id="lg-6" display="no" color="cyan">
         <name>.TI.ramfunc</name>
         <load_address>0x86000</load_address>
         <run_address>0x8000</run_address>
         <size>0xcf</size>
         <contents>
            <object_component_ref idref="oc-102"/>
            <object_component_ref idref="oc-aa"/>
         </contents>
      </logical_group>
      <logical_group id="lg-7" display="no" color="cyan">
         <name>.stack</name>
         <run_address>0x400</run_address>
         <size>0x200</size>
         <contents>
            <object_component_ref idref="oc-c3"/>
            <object_component_ref idref="oc-12e"/>
         </contents>
      </logical_group>
      <logical_group id="lg-130" display="no" color="cyan">
         <name>.ebss</name>
         <run_address>0xa800</run_address>
         <size>0x10</size>
         <contents>
            <object_component_ref idref="oc-2d"/>
            <object_component_ref idref="oc-e4"/>
            <object_component_ref idref="oc-fa"/>
            <object_component_ref idref="oc-106"/>
         </contents>
      </logical_group>
      <split_section id="lg-8" display="no" color="cyan">
         <name>.ebss</name>
         <contents>
            <logical_group_ref idref="lg-130"/>
         </contents>
      </split_section>
      <logical_group id="lg-9" display="no" color="cyan">
         <name>.esysmem</name>
         <run_address>0x0</run_address>
         <size>0x0</size>
         <contents>
         </contents>
      </logical_group>
      <logical_group id="lg-131" display="no" color="cyan">
         <name>.econst</name>
         <load_address>0x90000</load_address>
         <run_address>0x90000</run_address>
         <size>0x8</size>
         <contents>
            <object_component_ref idref="oc-ff"/>
         </contents>
      </logical_group>
      <split_section id="lg-a" display="no" color="cyan">
         <name>.econst</name>
         <contents>
            <logical_group_ref idref="lg-131"/>
         </contents>
      </split_section>
      <logical_group id="lg-b" display="no" color="cyan">
         <name>.switch</name>
         <run_address>0x0</run_address>
         <size>0x0</size>
         <contents>
         </contents>
      </logical_group>
      <logical_group id="lg-c" display="no" color="cyan">
         <name>.reset</name>
         <load_address>0x3fffc0</load_address>
         <run_address>0x3fffc0</run_address>
         <size>0x2</size>
         <contents>
            <object_component_ref idref="oc-c4"/>
         </contents>
      </logical_group>
      <logical_group id="lg-d" display="no" color="cyan">
         <name>Filter_RegsFile</name>
         <run_address>0x0</run_address>
         <size>0x0</size>
         <contents>
         </contents>
      </logical_group>
      <logical_group id="lg-e" display="no" color="cyan">
         <name>SHARERAMGS0</name>
         <run_address>0x0</run_address>
         <size>0x0</size>
         <contents>
         </contents>
      </logical_group>
      <logical_group id="lg-f" display="no" color="cyan">
         <name>SHARERAMGS1</name>
         <run_address>0x0</run_address>
         <size>0x0</size>
         <contents>
         </contents>
      </logical_group>
      <logical_group id="lg-11" display="no" color="cyan">
         <name>PUTBUFFER</name>
         <run_address>0x0</run_address>
         <size>0x0</size>
         <contents>
         </contents>
      </logical_group>
      <logical_group id="lg-12" display="no" color="cyan">
         <name>PUTWRITEIDX</name>
         <run_address>0x0</run_address>
         <size>0x0</size>
         <contents>
         </contents>
      </logical_group>
      <logical_group id="lg-13" display="no" color="cyan">
         <name>GETREADIDX</name>
         <run_address>0x0</run_address>
         <size>0x0</size>
         <contents>
         </contents>
      </logical_group>
      <logical_group id="lg-10" display="no" color="cyan">
         <name>GROUP_1</name>
         <run_address>0x0</run_address>
         <size>0x0</size>
         <contents>
            <logical_group_ref idref="lg-11"/>
            <logical_group_ref idref="lg-12"/>
            <logical_group_ref idref="lg-13"/>
         </contents>
      </logical_group>
      <logical_group id="lg-15" display="no" color="cyan">
         <name>GETBUFFER</name>
         <run_address>0x3f800</run_address>
         <size>0x0</size>
         <contents>
         </contents>
      </logical_group>
      <logical_group id="lg-16" display="no" color="cyan">
         <name>GETWRITEIDX</name>
         <run_address>0x3f800</run_address>
         <size>0x0</size>
         <contents>
         </contents>
      </logical_group>
      <logical_group id="lg-17" display="no" color="cyan">
         <name>PUTREADIDX</name>
         <run_address>0x3f800</run_address>
         <size>0x0</size>
         <contents>
         </contents>
      </logical_group>
      <logical_group id="lg-14" display="no" color="cyan">
         <name>GROUP_2</name>
         <run_address>0x3f800</run_address>
         <size>0x0</size>
         <contents>
            <logical_group_ref idref="lg-15"/>
            <logical_group_ref idref="lg-16"/>
            <logical_group_ref idref="lg-17"/>
         </contents>
      </logical_group>
      <logical_group id="lg-18" display="no" color="cyan">
         <name>.TI.memcrc</name>
         <load_address>0x0</load_address>
         <run_address>0x0</run_address>
         <size>0x66</size>
         <contents>
            <object_component_ref idref="oc-108"/>
         </contents>
      </logical_group>
      <logical_group id="lg-11e" display="never" color="cyan">
         <name>.debug_info</name>
         <load_address>0x0</load_address>
         <run_address>0x0</run_address>
         <size>0x19b11</size>
         <contents>
            <object_component_ref idref="oc-1b"/>
            <object_component_ref idref="oc-20"/>
            <object_component_ref idref="oc-28"/>
            <object_component_ref idref="oc-2b"/>
            <object_component_ref idref="oc-32"/>
            <object_component_ref idref="oc-37"/>
            <object_component_ref idref="oc-39"/>
            <object_component_ref idref="oc-3e"/>
            <object_component_ref idref="oc-43"/>
            <object_component_ref idref="oc-48"/>
            <object_component_ref idref="oc-4d"/>
            <object_component_ref idref="oc-52"/>
            <object_component_ref idref="oc-57"/>
            <object_component_ref idref="oc-5c"/>
            <object_component_ref idref="oc-61"/>
            <object_component_ref idref="oc-66"/>
            <object_component_ref idref="oc-68"/>
            <object_component_ref idref="oc-6d"/>
            <object_component_ref idref="oc-72"/>
            <object_component_ref idref="oc-77"/>
            <object_component_ref idref="oc-7c"/>
            <object_component_ref idref="oc-7e"/>
            <object_component_ref idref="oc-83"/>
            <object_component_ref idref="oc-89"/>
            <object_component_ref idref="oc-90"/>
            <object_component_ref idref="oc-95"/>
            <object_component_ref idref="oc-9a"/>
            <object_component_ref idref="oc-9f"/>
            <object_component_ref idref="oc-a4"/>
            <object_component_ref idref="oc-a9"/>
            <object_component_ref idref="oc-af"/>
            <object_component_ref idref="oc-b4"/>
            <object_component_ref idref="oc-b9"/>
            <object_component_ref idref="oc-be"/>
            <object_component_ref idref="oc-c5"/>
            <object_component_ref idref="oc-ca"/>
            <object_component_ref idref="oc-ce"/>
[...]
            <load_page_id>0x0</load_page_id>
            <load_address>0x88000</load_address>
            <load_size>0x8000</load_size>
         </mem_crc_rec>
         <mem_crc_rec>
            <name>FLASHF</name>
            <load_page_id>0x0</load_page_id>
            <load_address>0x90000</load_address>
            <load_size>0x8000</load_size>
         </mem_crc_rec>
         <mem_crc_rec>
            <name>FLASHG</name>
            <load_page_id>0x0</load_page_id>
            <load_address>0x98000</load_address>
            <load_size>0x8000</load_size>
         </mem_crc_rec>
         <mem_crc_rec>
            <name>FLASHH</name>
            <load_page_id>0x0</load_page_id>
            <load_address>0xa0000</load_address>
            <load_size>0x8000</load_size>
         </mem_crc_rec>
         <mem_crc_rec>
            <name>FLASHI</name>
            <load_page_id>0x0</load_page_id>
            <load_address>0xa8000</load_address>
            <load_size>0x8000</load_size>
         </mem_crc_rec>
         <mem_crc_rec>
            <name>FLASHJ</name>
            <load_page_id>0x0</load_page_id>
            <load_address>0xb0000</load_address>
            <load_size>0x8000</load_size>
         </mem_crc_rec>
         <mem_crc_rec>
            <name>FLASHK</name>
            <load_page_id>0x0</load_page_id>
            <load_address>0xb8000</load_address>
            <load_size>0x2000</load_size>
         </mem_crc_rec>
         <mem_crc_rec>
            <name>FLASHL</name>
            <load_page_id>0x0</load_page_id>
            <load_address>0xba000</load_address>
            <load_size>0x2000</load_size>
         </mem_crc_rec>
         <mem_crc_rec>
            <name>FLASHM</name>
            <load_page_id>0x0</load_page_id>
            <load_address>0xbc000</load_address>
            <load_size>0x2000</load_size>
         </mem_crc_rec>
         <mem_crc_rec>
            <name>FLASHN</name>
            <load_page_id>0x0</load_page_id>
            <load_address>0xbe000</load_address>
            <load_size>0x1ff0</load_size>
         </mem_crc_rec>
         <mem_crc_rec>
            <name>FLASHN_DO_NOT_USE</name>
            <load_page_id>0x0</load_page_id>
            <load_address>0xbfff0</load_address>
            <load_size>0x10</load_size>
         </mem_crc_rec>
      </mem_crc_table>
   </mem_crc_table_list>
   <symbol_table>
      <symbol id="sm-0">
         <name>_RamfuncsLoadStart</name>
         <value>0x86000</value>
      </symbol>
      <symbol id="sm-1">
         <name>_RamfuncsLoadSize</name>
         <value>0xcf</value>
      </symbol>
      <symbol id="sm-2">
         <name>_RamfuncsLoadEnd</name>
         <value>0x860cf</value>
      </symbol>
      <symbol id="sm-3">
         <name>_RamfuncsRunStart</name>
         <value>0x8000</value>
      </symbol>
      <symbol id="sm-4">
         <name>_RamfuncsRunSize</name>
         <value>0xcf</value>
      </symbol>
      <symbol id="sm-5">
         <name>_RamfuncsRunEnd</name>
         <value>0x80cf</value>
      </symbol>
      <symbol id="sm-6">
         <name>_ccs_flash_checksum</name>
         <value>0x0</value>
      </symbol>
      <symbol id="sm-7">
         <name>__TI_MEMRANGE_CRC__ccs_flash_checksum</name>
         <value>0x0</value>
      </symbol>
      <symbol id="sm-8">
         <name>cinit</name>
         <value>0x82000</value>
      </symbol>
      <symbol id="sm-9">
         <name>___cinit__</name>
         <value>0x82000</value>
      </symbol>
      <symbol id="sm-a">
         <name>pinit</name>
         <value>0xffffffff</value>
      </symbol>
      <symbol id="sm-b">
         <name>___pinit__</name>
         <value>0xffffffff</value>
      </symbol>
      <symbol id="sm-c">
         <name>binit</name>
         <value>0xffffffff</value>
      </symbol>
      <symbol id="sm-d">
         <name>___binit__</name>
         <value>0xffffffff</value>
      </symbol>
      <symbol id="sm-e">
         <name>__STACK_SIZE</name>
         <value>0x200</value>
      </symbol>
      <symbol id="sm-f">
         <name>__STACK_END</name>
         <value>0x600</value>
      </symbol>
      <symbol id="sm-10">
         <name>___c_args__</name>
         <value>0xffffffff</value>
      </symbol>
      <symbol id="sm-11">
         <name>.text</name>
         <value>0xffffffff</value>
      </symbol>
      <symbol id="sm-12">
         <name>___text__</name>
         <value>0xffffffff</value>
      </symbol>
      <symbol id="sm-13">
         <name>etext</name>
         <value>0xffffffff</value>
      </symbol>
      <symbol id="sm-14">
         <name>___etext__</name>
         <value>0xffffffff</value>
      </symbol>
      <symbol id="sm-15">
         <name>___TI_pprof_out_hndl</name>
         <value>0xffffffff</value>
      </symbol>
      <symbol id="sm-16">
         <name>___TI_prof_data_start</name>
         <value>0xffffffff</value>
      </symbol>
      <symbol id="sm-17">
         <name>___TI_prof_data_size</name>
         <value>0xffffffff</value>
      </symbol>
      <symbol id="sm-5f">
         <name>_main</name>
         <value>0x8339f</value>
         <object_component_ref idref="oc-f9"/>
      </symbol>
      <symbol id="sm-83">
         <name>_can_getRxGPIO</name>
         <value>0x83269</value>
         <object_component_ref idref="oc-fe"/>
      </symbol>
      <symbol id="sm-85">
         <name>_can_getTxGPIO</name>
         <value>0x83253</value>
         <object_component_ref idref="oc-fe"/>
      </symbol>
      <symbol id="sm-87">
         <name>_can_getPreScaler</name>
         <value>0x8327f</value>
         <object_component_ref idref="oc-fe"/>
      </symbol>
      <symbol id="sm-89">
         <name>_can_getBase</name>
         <value>0x8323f</value>
         <object_component_ref idref="oc-fe"/>
      </symbol>
      <symbol id="sm-8b">
         <name>_can_init</name>
         <value>0x831f2</value>
         <object_component_ref idref="oc-fe"/>
      </symbol>
      <symbol id="sm-8d">
         <name>_can_sendData</name>
         <value>0x8321e</value>
         <object_component_ref idref="oc-fe"/>
      </symbol>
      <symbol id="sm-9e">
         <name>code_start</name>
         <value>0x80000</value>
         <object_component_ref idref="oc-26"/>
      </symbol>
      <symbol id="sm-c9">
         <name>_Example_done</name>
         <value>0x82e8c</value>
         <object_component_ref idref="oc-fc"/>
      </symbol>
      <symbol id="sm-cb">
         <name>_Example_Fail</name>
         <value>0xa804</value>
         <object_component_ref idref="oc-2d"/>
      </symbol>
      <symbol id="sm-cc">
         <name>_Device_bootCPU2</name>
         <value>0x82d01</value>
         <object_component_ref idref="oc-fc"/>
      </symbol>
      <symbol id="sm-ce">
         <name>_Device_initGPIO</name>
         <value>0x82c69</value>
         <object_component_ref idref="oc-fc"/>
      </symbol>
      <symbol id="sm-d0">
         <name>_Example_setResultPass</name>
         <value>0x82e82</value>
         <object_component_ref idref="oc-fc"/>
      </symbol>
      <symbol id="sm-d2">
         <name>___error__</name>
         <value>0x82e7b</value>
         <object_component_ref idref="oc-fc"/>
      </symbol>
      <symbol id="sm-d4">
         <name>_Example_Result</name>
         <value>0xa800</value>
         <object_component_ref idref="oc-2d"/>
      </symbol>
      <symbol id="sm-d5">
         <name>_Example_setResultFail</name>
         <value>0x82e87</value>
         <object_component_ref idref="oc-fc"/>
      </symbol>
      <symbol id="sm-d7">
         <name>_Device_enableUnbondedGPIOPullupsFor176Pin</name>
         <value>0x82c8a</value>
         <object_component_ref idref="oc-fc"/>
      </symbol>
      <symbol id="sm-d9">
         <name>_Device_enableUnbondedGPIOPullups</name>
         <value>0x82cba</value>
         <object_component_ref idref="oc-fc"/>
      </symbol>
      <symbol id="sm-db">
         <name>_Device_init</name>
         <value>0x82b4d</value>
         <object_component_ref idref="oc-fc"/>
      </symbol>
      <symbol id="sm-dd">
         <name>_Example_PassCount</name>
         <value>0xa802</value>
         <object_component_ref idref="oc-2d"/>
      </symbol>
      <symbol id="sm-de">
         <name>_Device_enableUnbondedGPIOPullupsFor100Pin</name>
         <value>0x82c9d</value>
         <object_component_ref idref="oc-fc"/>
      </symbol>
      <symbol id="sm-e0">
         <name>_Device_enableAllPeripherals</name>
         <value>0x82b7e</value>
         <object_component_ref idref="oc-fc"/>
      </symbol>
      <symbol id="sm-e2">
         <name>_Device_configureTMXAnalogTrim</name>
         <value>0x82cd0</value>
         <object_component_ref idref="oc-fc"/>
      </symbol>
      <symbol id="sm-140">
         <name>_CAN_readMessage</name>
         <value>0x82978</value>
         <object_component_ref idref="oc-105"/>
      </symbol>
      <symbol id="sm-142">
         <name>_CAN_sendMessage</name>
         <value>0x827e6</value>
         <object_component_ref idref="oc-105"/>
      </symbol>
      <symbol id="sm-144">
         <name>_CAN_clearInterruptStatus</name>
         <value>0x82700</value>
         <object_component_ref idref="oc-105"/>
      </symbol>
      <symbol id="sm-146">
         <name>_CAN_clearMessage</name>
         <value>0x82a42</value>
         <object_component_ref idref="oc-105"/>
      </symbol>
      <symbol id="sm-148">
         <name>_CAN_sendMessage_32bit</name>
         <value>0x82874</value>
         <object_component_ref idref="oc-105"/>
      </symbol>
      <symbol id="sm-14a">
         <name>_CAN_setBitTiming</name>
         <value>0x826ce</value>
         <object_component_ref idref="oc-105"/>
      </symbol>
      <symbol id="sm-14c">
         <name>_CAN_disableAllMessageObjects</name>
         <value>0x82a86</value>
         <object_component_ref idref="oc-105"/>
      </symbol>
      <symbol id="sm-14e">
         <name>_CAN_setupMessageObject</name>
         <value>0x8272e</value>
         <object_component_ref idref="oc-105"/>
      </symbol>
      <symbol id="sm-150">
         <name>_CAN_disableMessageObject</name>
         <value>0x82a64</value>
         <object_component_ref idref="oc-105"/>
      </symbol>
      <symbol id="sm-152">
         <name>_CAN_initModule</name>
         <value>0x82677</value>
         <object_component_ref idref="oc-105"/>
      </symbol>
      <symbol id="sm-154">
         <name>_CAN_sendRemoteRequestMessage</name>
         <value>0x82948</value>
         <object_component_ref idref="oc-105"/>
      </symbol>
      <symbol id="sm-156">
         <name>_CAN_setBitRate</name>
         <value>0x8268a</value>
         <object_component_ref idref="oc-105"/>
      </symbol>
      <symbol id="sm-158">
         <name>_CAN_readMessageWithID</name>
         <value>0x829c9</value>
         <object_component_ref idref="oc-105"/>
      </symbol>
      <symbol id="sm-15a">
         <name>_CAN_transferMessage</name>
         <value>0x829fc</value>
         <object_component_ref idref="oc-105"/>
      </symbol>
      <symbol id="sm-15c">
         <name>_CAN_sendMessage_16bit</name>
         <value>0x8282d</value>
         <object_component_ref idref="oc-105"/>
      </symbol>
      <symbol id="sm-15e">
         <name>_CAN_sendMessage_updateDLC</name>
         <value>0x828bb</value>
         <object_component_ref idref="oc-105"/>
      </symbol>
      <symbol id="sm-1d3">
         <name>_Flash_initModule</name>
         <value>0x8088</value>
         <object_component_ref idref="oc-102"/>
      </symbol>
      <symbol id="sm-1d5">
         <name>_Flash_wakeFromLPM</name>
         <value>0x80bf</value>
         <object_component_ref idref="oc-102"/>
      </symbol>
      <symbol id="sm-1d7">
         <name>_Flash_powerDown</name>
         <value>0x80af</value>
         <object_component_ref idref="oc-102"/>
      </symbol>
      <symbol id="sm-1fc">
         <name>_GPIO_setAnalogMode</name>
         <value>0x83019</value>
         <object_component_ref idref="oc-104"/>
      </symbol>
      <symbol id="sm-1fe">
         <name>_GPIO_setInterruptPin</name>
         <value>0x82ed7</value>
         <object_component_ref idref="oc-104"/>
      </symbol>
      <symbol id="sm-200">
         <name>_GPIO_setQualificationPeriod</name>
         <value>0x82fcb</value>
         <object_component_ref idref="oc-104"/>
      </symbol>
      <symbol id="sm-202">
         <name>_GPIO_setControllerCore</name>
         <value>0x82fed</value>
         <object_component_ref idref="oc-104"/>
      </symbol>
      <symbol id="sm-204">
         <name>_GPIO_setPinConfig</name>
         <value>0x83041</value>
         <object_component_ref idref="oc-104"/>
      </symbol>
      <symbol id="sm-206">
         <name>_GPIO_setDirectionMode</name>
         <value>0x82e9a</value>
         <object_component_ref idref="oc-104"/>
      </symbol>
      <symbol id="sm-208">
         <name>_GPIO_getQualificationMode</name>
         <value>0x82faa</value>
         <object_component_ref idref="oc-104"/>
      </symbol>
      <symbol id="sm-20a">
         <name>_GPIO_getDirectionMode</name>
         <value>0x82ec1</value>
         <object_component_ref idref="oc-104"/>
      </symbol>
      <symbol id="sm-20c">
         <name>_GPIO_getPadConfig</name>
         <value>0x82f4a</value>
         <object_component_ref idref="oc-104"/>
      </symbol>
      <symbol id="sm-20e">
         <name>_GPIO_setQualificationMode</name>
         <value>0x82f7e</value>
         <object_component_ref idref="oc-104"/>
      </symbol>
      <symbol id="sm-210">
         <name>_GPIO_setPadConfig</name>
         <value>0x82f02</value>
         <object_component_ref idref="oc-104"/>
      </symbol>
      <symbol id="sm-255">
         <name>_Interrupt_illegalOperationHandler</name>
         <value>0x8338b</value>
         <object_component_ref idref="oc-84"/>
      </symbol>
      <symbol id="sm-257">
         <name>_Interrupt_enable</name>
         <value>0x83166</value>
         <object_component_ref idref="oc-fd"/>
      </symbol>
      <symbol id="sm-259">
         <name>_Interrupt_initVectorTable</name>
         <value>0x83148</value>
         <object_component_ref idref="oc-fd"/>
      </symbol>
      <symbol id="sm-25b">
         <name>_Interrupt_disable</name>
         <value>0x8319d</value>
         <object_component_ref idref="oc-fd"/>
      </symbol>
      <symbol id="sm-25d">
         <name>_Interrupt_initModule</name>
         <value>0x8310b</value>
         <object_component_ref idref="oc-fd"/>
      </symbol>
      <symbol id="sm-25f">
         <name>_Interrupt_nmiHandler</name>
         <value>0x83395</value>
         <object_component_ref idref="oc-84"/>
      </symbol>
      <symbol id="sm-261">
         <name>_Interrupt_defaultHandler</name>
         <value>0x83375</value>
         <object_component_ref idref="oc-84"/>
      </symbol>
      <symbol id="sm-270">
         <name>_IPC_CPU1_To_CPU2_GetBuffer</name>
         <value>0x600</value>
         <object_component_ref idref="oc-8b"/>
      </symbol>
      <symbol id="sm-271">
         <name>_IPC_CPU1_To_CPU2_PutBuffer</name>
         <value>0x40</value>
         <object_component_ref idref="oc-8a"/>
      </symbol>
      <symbol id="sm-306">
         <name>_SysCtl_selectOscSourceAuxPLL</name>
         <value>0x8252d</value>
         <object_component_ref idref="oc-103"/>
      </symbol>
      <symbol id="sm-308">
         <name>_SysCtl_selectXTAL</name>
         <value>0x82467</value>
         <object_component_ref idref="oc-103"/>
      </symbol>
      <symbol id="sm-30a">
         <name>_SysCtl_delay</name>
         <value>0x80cb</value>
         <object_component_ref idref="oc-aa"/>
      </symbol>
      <symbol id="sm-30b">
         <name>_SysCtl_setAuxClock</name>
         <value>0x8234c</value>
         <object_component_ref idref="oc-103"/>
      </symbol>
      <symbol id="sm-30d">
         <name>_SysCtl_selectOscSource</name>
         <value>0x824f7</value>
         <object_component_ref idref="oc-103"/>
      </symbol>
      <symbol id="sm-30f">
         <name>_SysCtl_getAuxClock</name>
         <value>0x8210e</value>
         <object_component_ref idref="oc-103"/>
      </symbol>
      <symbol id="sm-311">
         <name>_SysCtl_setClock</name>
         <value>0x8214f</value>
         <object_component_ref idref="oc-103"/>
      </symbol>
      <symbol id="sm-313">
         <name>_SysCtl_getLowSpeedClock</name>
         <value>0x8256a</value>
         <object_component_ref idref="oc-103"/>
      </symbol>
      <symbol id="sm-315">
         <name>_SysCtl_getClock</name>
         <value>0x820bd</value>
         <object_component_ref idref="oc-103"/>
      </symbol>
      <symbol id="sm-317">
         <name>_SysCtl_getDeviceParametric</name>
         <value>0x82584</value>
         <object_component_ref idref="oc-103"/>
      </symbol>
      <symbol id="sm-357">
         <name>_c_int00</name>
         <value>0x8331f</value>
         <object_component_ref idref="oc-1a"/>
      </symbol>
      <symbol id="sm-358">
         <name>__stack</name>
         <value>0x400</value>
         <object_component_ref idref="oc-c3"/>
      </symbol>
      <symbol id="sm-369">
         <name>FS$$DIV</name>
         <value>0x83297</value>
         <object_component_ref idref="oc-c9"/>
      </symbol>
      <symbol id="sm-378">
         <name>_copy_in</name>
         <value>0x833f1</value>
         <object_component_ref idref="oc-f4"/>
      </symbol>
      <symbol id="sm-38a">
         <name>_memcpy</name>
         <value>0x83415</value>
         <object_component_ref idref="oc-f8"/>
      </symbol>
      <symbol id="sm-397">
         <name>__system_pre_init</name>
         <value>0x83468</value>
         <object_component_ref idref="oc-f3"/>
      </symbol>
      <symbol id="sm-3a5">
         <name>__system_post_cinit</name>
         <value>0x8346a</value>
         <object_component_ref idref="oc-f5"/>
      </symbol>
      <symbol id="sm-3ba">
         <name>C$$EXIT</name>
         <value>0x833c8</value>
         <object_component_ref idref="oc-f7"/>
      </symbol>
      <symbol id="sm-3bb">
         <name>_exit</name>
         <value>0x833ca</value>
         <object_component_ref idref="oc-f7"/>
      </symbol>
      <symbol id="sm-3bd">
         <name>___TI_cleanup_ptr</name>
         <value>0xa808</value>
         <object_component_ref idref="oc-e4"/>
      </symbol>
      <symbol id="sm-3be">
         <name>___TI_enable_exit_profile_output</name>
         <value>0xa806</value>
         <object_component_ref idref="oc-e4"/>
      </symbol>
      <symbol id="sm-3bf">
         <name>_abort</name>
         <value>0x833c8</value>
         <object_component_ref idref="oc-f7"/>
      </symbol>
      <symbol id="sm-3c1">
         <name>___TI_dtors_ptr</name>
         <value>0xa80a</value>
         <object_component_ref idref="oc-e4"/>
      </symbol>
      <symbol id="sm-3d5">
         <name>__unlock</name>
         <value>0xa80e</value>
         <object_component_ref idref="oc-106"/>
      </symbol>
      <symbol id="sm-3d6">
         <name>__lock</name>
         <value>0xa80c</value>
         <object_component_ref idref="oc-fa"/>
      </symbol>
      <symbol id="sm-3d7">
         <name>__register_lock</name>
         <value>0x8345b</value>
         <object_component_ref idref="oc-100"/>
      </symbol>
      <symbol id="sm-3d9">
         <name>__nop</name>
         <value>0x8345f</value>
         <object_component_ref idref="oc-100"/>
      </symbol>
      <symbol id="sm-3db">
         <name>__register_unlock</name>
         <value>0x83457</value>
         <object_component_ref idref="oc-100"/>
      </symbol>
      <symbol id="sm-3eb">
         <name>__args_main</name>
         <value>0x83445</value>
         <object_component_ref idref="oc-f6"/>
      </symbol>
   </symbol_table>
   <title>Link successful</title>
</link_info>
